00:00 +0: loading C:/Users/amore/WorkSpace/kec-safety-calculator-core/test/integrated_service_test.dart
Error: Couldn't resolve the package 'flutter_test' in 'package:flutter_test/flutter_test.dart'.
test/integrated_service_test.dart:1:8: Error: Not found: 'package:flutter_test/flutter_test.dart'
import 'package:flutter_test/flutter_test.dart';
       ^
test/integrated_service_test.dart:29:7: Error: Method not found: 'expect'.
      expect(result.finalBreakerRating, 30);
      ^^^^^^
test/integrated_service_test.dart:30:37: Error: Method not found: 'greaterThanOrEqualTo'.
      expect(result.finalCableSize, greaterThanOrEqualTo(4.0));
                                    ^^^^^^^^^^^^^^^^^^^^
test/integrated_service_test.dart:30:7: Error: Method not found: 'expect'.
      expect(result.finalCableSize, greaterThanOrEqualTo(4.0));
      ^^^^^^
test/integrated_service_test.dart:31:39: Error: Method not found: 'greaterThan'.
      expect(result.reasoning.length, greaterThan(5));
                                      ^^^^^^^^^^^
test/integrated_service_test.dart:31:7: Error: Method not found: 'expect'.
      expect(result.reasoning.length, greaterThan(5));
      ^^^^^^
test/integrated_service_test.dart:32:7: Error: Method not found: 'expect'.
      expect(result.detailResults.containsKey('S_B (?ㅺ퀎?꾨쪟)'), true);
      ^^^^^^
test/integrated_service_test.dart:6:5: Error: Method not found: 'test'.
    test('?쇰컲 遺???덊꽣) ?쒕굹由ъ삤 寃利?(15kW, 380V, 50m)', () async {
    ^^^^
test/integrated_service_test.dart:59:7: Error: Method not found: 'expect'.
      expect(result.finalBreakerRating, 30);
      ^^^^^^
test/integrated_service_test.dart:60:53: Error: Method not found: 'isNot'.
      expect(result.detailResults['S_MSTH (湲곕룞?댁쟻)'], isNot('N/A'));
                                                    ^^^^^
test/integrated_service_test.dart:60:7: Error: Method not found: 'expect'.
      expect(result.detailResults['S_MSTH (湲곕룞?댁쟻)'], isNot('N/A'));
      ^^^^^^
test/integrated_service_test.dart:35:5: Error: Method not found: 'test'.
    test('?꾨룞湲?遺???쒕굹由ъ삤 寃利?(7.5kW, 380V, 30m)', () async {
    ^^^^
test/integrated_service_test.dart:5:3: Error: Method not found: 'group'.
  group('IntegratedKecService ?듯빀 ?뚯뒪??, () {
  ^^^^^
00:00 +0 -1: loading C:/Users/amore/WorkSpace/kec-safety-calculator-core/test/integrated_service_test.dart [E]
  Failed to load "C:/Users/amore/WorkSpace/kec-safety-calculator-core/test/integrated_service_test.dart":
  Compilation failed for testPath=C:/Users/amore/WorkSpace/kec-safety-calculator-core/test/integrated_service_test.dart: Error: Couldn't resolve the package 'flutter_test' in 'package:flutter_test/flutter_test.dart'.
  test/integrated_service_test.dart:1:8: Error: Not found: 'package:flutter_test/flutter_test.dart'
  import 'package:flutter_test/flutter_test.dart';
         ^
  test/integrated_service_test.dart:29:7: Error: Method not found: 'expect'.
        expect(result.finalBreakerRating, 30);
        ^^^^^^
  test/integrated_service_test.dart:30:37: Error: Method not found: 'greaterThanOrEqualTo'.
        expect(result.finalCableSize, greaterThanOrEqualTo(4.0));
                                      ^^^^^^^^^^^^^^^^^^^^
  test/integrated_service_test.dart:30:7: Error: Method not found: 'expect'.
        expect(result.finalCableSize, greaterThanOrEqualTo(4.0));
        ^^^^^^
  test/integrated_service_test.dart:31:39: Error: Method not found: 'greaterThan'.
        expect(result.reasoning.length, greaterThan(5));
                                        ^^^^^^^^^^^
  test/integrated_service_test.dart:31:7: Error: Method not found: 'expect'.
        expect(result.reasoning.length, greaterThan(5));
        ^^^^^^
  test/integrated_service_test.dart:32:7: Error: Method not found: 'expect'.
        expect(result.detailResults.containsKey('S_B (?ㅺ퀎?꾨쪟)'), true);
        ^^^^^^
  test/integrated_service_test.dart:6:5: Error: Method not found: 'test'.
      test('?쇰컲 遺???덊꽣) ?쒕굹由ъ삤 寃利?(15kW, 380V, 50m)', () async {
      ^^^^
  test/integrated_service_test.dart:59:7: Error: Method not found: 'expect'.
        expect(result.finalBreakerRating, 30);
        ^^^^^^
  test/integrated_service_test.dart:60:53: Error: Method not found: 'isNot'.
        expect(result.detailResults['S_MSTH (湲곕룞?댁쟻)'], isNot('N/A'));
                                                      ^^^^^
  test/integrated_service_test.dart:60:7: Error: Method not found: 'expect'.
        expect(result.detailResults['S_MSTH (湲곕룞?댁쟻)'], isNot('N/A'));
        ^^^^^^
  test/integrated_service_test.dart:35:5: Error: Method not found: 'test'.
      test('?꾨룞湲?遺???쒕굹由ъ삤 寃利?(7.5kW, 380V, 30m)', () async {
      ^^^^
  test/integrated_service_test.dart:5:3: Error: Method not found: 'group'.
    group('IntegratedKecService ?듯빀 ?뚯뒪??, () {
    ^^^^^
  .
00:00 +0 -1: Some tests failed.
